// Jest Snapshot v1, https://goo.gl/fbAQLP

exports[`back button tests should click 1`] = `ReactWrapper {}`;
